[2025-11-17 09:39:32][INFO] Catalog viewed | Page: 1 | Status: published | Search: '' | IP: 127.0.0.1
[2025-11-17 09:45:01][INFO] Catalog viewed | Page: 1 | Status: published | Search: '' | IP: 127.0.0.1
[2025-11-17 09:45:21][INFO] Catalog viewed | Page: 1 | Status: published | Search: '' | IP: 127.0.0.1
[2025-11-17 09:45:26][INFO] Catalog viewed | Page: 1 | Status: published | Search: '' | IP: 127.0.0.1
[2025-11-17 10:18:48][INFO] Catalog viewed | Page: 1 | Status: published | Search: '' | IP: 127.0.0.1
[2025-11-17 11:32:28][INFO] Viewed catalog item: Test3 | IP: 127.0.0.1
[2025-11-17 11:35:38][INFO] Viewed catalog item: Test2 | IP: ::1
[2025-11-17 12:07:21][INFO] Viewed catalog item: Test2 | IP: ::1
[2025-11-17 12:08:16][INFO] Viewed catalog item: Test3 | IP: ::1
[2025-11-17 12:09:28][INFO] Viewed catalog item: Test3 | IP: 127.0.0.1
[2025-11-17 12:21:52][INFO] Viewed catalog item: Test4 | IP: ::1
[2025-11-17 13:31:06][INFO] Viewed catalog item: Test4 | IP: ::1
[2025-11-17 13:31:29][INFO] Viewed catalog item: Test4 | IP: ::1
[2025-11-17 13:31:34][INFO] Viewed catalog item: Curd | IP: ::1
[2025-11-17 13:39:13][INFO] Viewed catalog item: Test4 | IP: ::1
[2025-11-17 13:41:42][INFO] Viewed catalog item: Test3 | IP: ::1
[2025-11-17 15:41:28][INFO] Viewed catalog item: Test3 | IP: ::1
[2025-11-17 16:22:05][INFO] Viewed catalog item: Test3 | IP: ::1
[2025-11-17 16:25:09][INFO] Viewed catalog item: Test4 | IP: ::1
[2025-11-17 16:28:03][INFO] Viewed catalog item: Test4 | IP: ::1
[2025-11-17 16:28:04][INFO] Viewed catalog item: Test4 | IP: ::1
[2025-11-17 16:28:05][INFO] Viewed catalog item: Test4 | IP: ::1
[2025-11-17 16:28:09][INFO] Viewed catalog item: Test4 | IP: ::1
[2025-11-17 16:29:06][INFO] Viewed catalog item: Test4 | IP: ::1
[2025-11-17 16:29:21][INFO] Viewed catalog item: Test4 | IP: ::1
[2025-11-17 16:29:24][INFO] Viewed catalog item: Test4 | IP: ::1
[2025-11-17 16:30:21][INFO] Viewed catalog item: Test3 | IP: ::1
[2025-11-17 16:30:30][INFO] Viewed catalog item: Test3 | IP: ::1
[2025-11-17 16:32:42][INFO] Viewed catalog item: Test3 | IP: ::1
[2025-11-17 16:33:18][INFO] Viewed catalog item: Test4 | IP: ::1
[2025-11-17 16:34:42][INFO] Viewed catalog item: Test4 | IP: ::1
[2025-11-17 16:35:06][INFO] New enquiry for Test4 from musthafa.shaik8@gmai.com | IP: ::1
[2025-11-17 16:35:10][INFO] Viewed catalog item: Test3 | IP: ::1
[2025-11-17 16:38:51][INFO] Viewed catalog item: Test3 | IP: ::1
[2025-11-17 16:39:04][INFO] Viewed catalog item: Test3 | IP: ::1
[2025-11-17 16:43:14][INFO] Viewed catalog item: Test3 | IP: ::1
